[11-Dec-2024 20:42:48 Europe/Dublin] Schema updates detected in /usr/local/cpanel/base/3rdparty/roundcube/plugins/libkolab/SQL/sqlite.initial.sql, applying now...
[11-Dec-2024 20:42:48 Europe/Dublin] Schema updates detected in /usr/local/cpanel/base/3rdparty/roundcube/plugins/calendar/drivers/database/SQL/sqlite.initial.sql, applying now...
[11-Dec-2024 20:42:48 Europe/Dublin] Schema updates detected in /usr/local/cpanel/base/3rdparty/roundcube/plugins/calendar/drivers/caldav/SQL/sqlite.initial.sql, applying now...
[11-Dec-2024 20:42:48 Europe/Dublin] [CPANELICSIMPORT: Touch file created for johnpaulchirwa@promanaged-it.com]
[11-Dec-2024 20:42:48 Europe/Dublin] [CPANELVCFIMPORT: Touch file created for johnpaulchirwa@promanaged-it.com]
[11-Dec-2024 20:43:51 Europe/Dublin] [CPANELICSIMPORT: Touch file /home/p601229/.cpanel/icals/.cpanel_ics_import_johnpaulchirwa@promanaged-it.com exists for johnpaulchirwa@promanaged-it.com and cpanel_run_once is true, exiting]
[11-Dec-2024 20:43:51 Europe/Dublin] [CPANELVCFIMPORT: Touch file /home/p601229/.cpanel/vcards/.cpanel_vcf_import_johnpaulchirwa@promanaged-it.com exists for johnpaulchirwa@promanaged-it.com and cpanel_run_once is true, exiting]
[11-Dec-2024 20:45:53 Europe/Dublin] [CPANELICSIMPORT: Touch file /home/p601229/.cpanel/icals/.cpanel_ics_import_johnpaulchirwa@promanaged-it.com exists for johnpaulchirwa@promanaged-it.com and cpanel_run_once is true, exiting]
[11-Dec-2024 20:45:53 Europe/Dublin] [CPANELVCFIMPORT: Touch file /home/p601229/.cpanel/vcards/.cpanel_vcf_import_johnpaulchirwa@promanaged-it.com exists for johnpaulchirwa@promanaged-it.com and cpanel_run_once is true, exiting]
[11-Dec-2024 20:54:52 Europe/Dublin] [CPANELICSIMPORT: Touch file /home/p601229/.cpanel/icals/.cpanel_ics_import_johnpaulchirwa@promanaged-it.com exists for johnpaulchirwa@promanaged-it.com and cpanel_run_once is true, exiting]
[11-Dec-2024 20:54:52 Europe/Dublin] [CPANELVCFIMPORT: Touch file /home/p601229/.cpanel/vcards/.cpanel_vcf_import_johnpaulchirwa@promanaged-it.com exists for johnpaulchirwa@promanaged-it.com and cpanel_run_once is true, exiting]
[11-Dec-2024 20:55:54 Europe/Dublin] [CPANELICSIMPORT: Touch file /home/p601229/.cpanel/icals/.cpanel_ics_import_johnpaulchirwa@promanaged-it.com exists for johnpaulchirwa@promanaged-it.com and cpanel_run_once is true, exiting]
[11-Dec-2024 20:55:54 Europe/Dublin] [CPANELVCFIMPORT: Touch file /home/p601229/.cpanel/vcards/.cpanel_vcf_import_johnpaulchirwa@promanaged-it.com exists for johnpaulchirwa@promanaged-it.com and cpanel_run_once is true, exiting]
[11-Dec-2024 20:57:56 Europe/Dublin] [CPANELICSIMPORT: Touch file /home/p601229/.cpanel/icals/.cpanel_ics_import_johnpaulchirwa@promanaged-it.com exists for johnpaulchirwa@promanaged-it.com and cpanel_run_once is true, exiting]
[11-Dec-2024 20:57:56 Europe/Dublin] [CPANELVCFIMPORT: Touch file /home/p601229/.cpanel/vcards/.cpanel_vcf_import_johnpaulchirwa@promanaged-it.com exists for johnpaulchirwa@promanaged-it.com and cpanel_run_once is true, exiting]
[13-Dec-2024 23:49:01 Europe/Dublin] [CPANELICSIMPORT: Touch file /home/p601229/.cpanel/icals/.cpanel_ics_import_johnpaulchirwa@promanaged-it.com exists for johnpaulchirwa@promanaged-it.com and cpanel_run_once is true, exiting]
[13-Dec-2024 23:49:01 Europe/Dublin] [CPANELVCFIMPORT: Touch file /home/p601229/.cpanel/vcards/.cpanel_vcf_import_johnpaulchirwa@promanaged-it.com exists for johnpaulchirwa@promanaged-it.com and cpanel_run_once is true, exiting]
[13-Dec-2024 23:54:55 Europe/Dublin] [CPANELICSIMPORT: Touch file /home/p601229/.cpanel/icals/.cpanel_ics_import_johnpaulchirwa@promanaged-it.com exists for johnpaulchirwa@promanaged-it.com and cpanel_run_once is true, exiting]
[13-Dec-2024 23:54:55 Europe/Dublin] [CPANELVCFIMPORT: Touch file /home/p601229/.cpanel/vcards/.cpanel_vcf_import_johnpaulchirwa@promanaged-it.com exists for johnpaulchirwa@promanaged-it.com and cpanel_run_once is true, exiting]
[14-Dec-2024 00:35:05 Europe/Dublin] [CPANELICSIMPORT: Touch file /home/p601229/.cpanel/icals/.cpanel_ics_import_johnpaulchirwa@promanaged-it.com exists for johnpaulchirwa@promanaged-it.com and cpanel_run_once is true, exiting]
[14-Dec-2024 00:35:05 Europe/Dublin] [CPANELVCFIMPORT: Touch file /home/p601229/.cpanel/vcards/.cpanel_vcf_import_johnpaulchirwa@promanaged-it.com exists for johnpaulchirwa@promanaged-it.com and cpanel_run_once is true, exiting]
[14-Dec-2024 01:00:56 Europe/Dublin] [CPANELICSIMPORT: Touch file /home/p601229/.cpanel/icals/.cpanel_ics_import_johnpaulchirwa@promanaged-it.com exists for johnpaulchirwa@promanaged-it.com and cpanel_run_once is true, exiting]
[14-Dec-2024 01:00:56 Europe/Dublin] [CPANELVCFIMPORT: Touch file /home/p601229/.cpanel/vcards/.cpanel_vcf_import_johnpaulchirwa@promanaged-it.com exists for johnpaulchirwa@promanaged-it.com and cpanel_run_once is true, exiting]
[14-Dec-2024 01:32:20 Europe/Dublin] Schema updates detected in /usr/local/cpanel/base/3rdparty/roundcube/plugins/libkolab/SQL/sqlite.initial.sql, applying now...
[14-Dec-2024 01:32:20 Europe/Dublin] Schema updates detected in /usr/local/cpanel/base/3rdparty/roundcube/plugins/calendar/drivers/database/SQL/sqlite.initial.sql, applying now...
[14-Dec-2024 01:32:20 Europe/Dublin] Schema updates detected in /usr/local/cpanel/base/3rdparty/roundcube/plugins/calendar/drivers/caldav/SQL/sqlite.initial.sql, applying now...
[14-Dec-2024 01:32:20 Europe/Dublin] [CPANELICSIMPORT: Touch file created for info@promanaged-it.com]
[14-Dec-2024 01:32:20 Europe/Dublin] [CPANELVCFIMPORT: Touch file created for info@promanaged-it.com]
[14-Dec-2024 01:32:59 Europe/Dublin] [CPANELICSIMPORT: Touch file /home/p601229/.cpanel/icals/.cpanel_ics_import_info@promanaged-it.com exists for info@promanaged-it.com and cpanel_run_once is true, exiting]
[14-Dec-2024 01:32:59 Europe/Dublin] [CPANELVCFIMPORT: Touch file /home/p601229/.cpanel/vcards/.cpanel_vcf_import_info@promanaged-it.com exists for info@promanaged-it.com and cpanel_run_once is true, exiting]
[14-Dec-2024 01:57:18 Europe/Dublin] [CPANELICSIMPORT: Touch file /home/p601229/.cpanel/icals/.cpanel_ics_import_johnpaulchirwa@promanaged-it.com exists for johnpaulchirwa@promanaged-it.com and cpanel_run_once is true, exiting]
[14-Dec-2024 01:57:18 Europe/Dublin] [CPANELVCFIMPORT: Touch file /home/p601229/.cpanel/vcards/.cpanel_vcf_import_johnpaulchirwa@promanaged-it.com exists for johnpaulchirwa@promanaged-it.com and cpanel_run_once is true, exiting]
[14-Dec-2024 02:37:53 Europe/Dublin] [CPANELICSIMPORT: Touch file /home/p601229/.cpanel/icals/.cpanel_ics_import_johnpaulchirwa@promanaged-it.com exists for johnpaulchirwa@promanaged-it.com and cpanel_run_once is true, exiting]
[14-Dec-2024 02:37:53 Europe/Dublin] [CPANELVCFIMPORT: Touch file /home/p601229/.cpanel/vcards/.cpanel_vcf_import_johnpaulchirwa@promanaged-it.com exists for johnpaulchirwa@promanaged-it.com and cpanel_run_once is true, exiting]
[14-Dec-2024 12:08:44 Europe/Dublin] [CPANELICSIMPORT: Touch file /home/p601229/.cpanel/icals/.cpanel_ics_import_johnpaulchirwa@promanaged-it.com exists for johnpaulchirwa@promanaged-it.com and cpanel_run_once is true, exiting]
[14-Dec-2024 12:08:44 Europe/Dublin] [CPANELVCFIMPORT: Touch file /home/p601229/.cpanel/vcards/.cpanel_vcf_import_johnpaulchirwa@promanaged-it.com exists for johnpaulchirwa@promanaged-it.com and cpanel_run_once is true, exiting]
[14-Dec-2024 13:52:44 Europe/Dublin] [CPANELICSIMPORT: Touch file /home/p601229/.cpanel/icals/.cpanel_ics_import_johnpaulchirwa@promanaged-it.com exists for johnpaulchirwa@promanaged-it.com and cpanel_run_once is true, exiting]
[14-Dec-2024 13:52:44 Europe/Dublin] [CPANELVCFIMPORT: Touch file /home/p601229/.cpanel/vcards/.cpanel_vcf_import_johnpaulchirwa@promanaged-it.com exists for johnpaulchirwa@promanaged-it.com and cpanel_run_once is true, exiting]
[14-Dec-2024 14:57:52 Europe/Dublin] [CPANELICSIMPORT: Touch file /home/p601229/.cpanel/icals/.cpanel_ics_import_johnpaulchirwa@promanaged-it.com exists for johnpaulchirwa@promanaged-it.com and cpanel_run_once is true, exiting]
[14-Dec-2024 14:57:52 Europe/Dublin] [CPANELVCFIMPORT: Touch file /home/p601229/.cpanel/vcards/.cpanel_vcf_import_johnpaulchirwa@promanaged-it.com exists for johnpaulchirwa@promanaged-it.com and cpanel_run_once is true, exiting]
[14-Dec-2024 15:21:11 Europe/Dublin] Schema updates detected in /usr/local/cpanel/base/3rdparty/roundcube/plugins/libkolab/SQL/sqlite.initial.sql, applying now...
[14-Dec-2024 15:21:11 Europe/Dublin] Schema updates detected in /usr/local/cpanel/base/3rdparty/roundcube/plugins/calendar/drivers/database/SQL/sqlite.initial.sql, applying now...
[14-Dec-2024 15:21:11 Europe/Dublin] Schema updates detected in /usr/local/cpanel/base/3rdparty/roundcube/plugins/calendar/drivers/caldav/SQL/sqlite.initial.sql, applying now...
[14-Dec-2024 15:21:11 Europe/Dublin] [CPANELICSIMPORT: Touch file created for appointments@promanaged-it.com]
[14-Dec-2024 15:21:11 Europe/Dublin] [CPANELVCFIMPORT: Touch file created for appointments@promanaged-it.com]
[14-Dec-2024 19:36:52 Europe/Dublin] [CPANELICSIMPORT: Touch file /home/p601229/.cpanel/icals/.cpanel_ics_import_johnpaulchirwa@promanaged-it.com exists for johnpaulchirwa@promanaged-it.com and cpanel_run_once is true, exiting]
[14-Dec-2024 19:36:52 Europe/Dublin] [CPANELVCFIMPORT: Touch file /home/p601229/.cpanel/vcards/.cpanel_vcf_import_johnpaulchirwa@promanaged-it.com exists for johnpaulchirwa@promanaged-it.com and cpanel_run_once is true, exiting]
[14-Dec-2024 20:19:34 Europe/Dublin] [CPANELICSIMPORT: Touch file /home/p601229/.cpanel/icals/.cpanel_ics_import_johnpaulchirwa@promanaged-it.com exists for johnpaulchirwa@promanaged-it.com and cpanel_run_once is true, exiting]
[14-Dec-2024 20:19:34 Europe/Dublin] [CPANELVCFIMPORT: Touch file /home/p601229/.cpanel/vcards/.cpanel_vcf_import_johnpaulchirwa@promanaged-it.com exists for johnpaulchirwa@promanaged-it.com and cpanel_run_once is true, exiting]
[14-Dec-2024 21:08:02 Europe/Dublin] [CPANELICSIMPORT: Touch file /home/p601229/.cpanel/icals/.cpanel_ics_import_johnpaulchirwa@promanaged-it.com exists for johnpaulchirwa@promanaged-it.com and cpanel_run_once is true, exiting]
[14-Dec-2024 21:08:02 Europe/Dublin] [CPANELVCFIMPORT: Touch file /home/p601229/.cpanel/vcards/.cpanel_vcf_import_johnpaulchirwa@promanaged-it.com exists for johnpaulchirwa@promanaged-it.com and cpanel_run_once is true, exiting]
[14-Dec-2024 22:48:54 Europe/Dublin] [CPANELICSIMPORT: Touch file /home/p601229/.cpanel/icals/.cpanel_ics_import_johnpaulchirwa@promanaged-it.com exists for johnpaulchirwa@promanaged-it.com and cpanel_run_once is true, exiting]
[14-Dec-2024 22:48:54 Europe/Dublin] [CPANELVCFIMPORT: Touch file /home/p601229/.cpanel/vcards/.cpanel_vcf_import_johnpaulchirwa@promanaged-it.com exists for johnpaulchirwa@promanaged-it.com and cpanel_run_once is true, exiting]
[15-Dec-2024 18:50:50 Europe/Dublin] [CPANELICSIMPORT: Touch file /home/p601229/.cpanel/icals/.cpanel_ics_import_appointments@promanaged-it.com exists for appointments@promanaged-it.com and cpanel_run_once is true, exiting]
[15-Dec-2024 18:50:50 Europe/Dublin] [CPANELVCFIMPORT: Touch file /home/p601229/.cpanel/vcards/.cpanel_vcf_import_appointments@promanaged-it.com exists for appointments@promanaged-it.com and cpanel_run_once is true, exiting]
[15-Dec-2024 18:52:16 Europe/Dublin] [CPANELICSIMPORT: Touch file /home/p601229/.cpanel/icals/.cpanel_ics_import_johnpaulchirwa@promanaged-it.com exists for johnpaulchirwa@promanaged-it.com and cpanel_run_once is true, exiting]
[15-Dec-2024 18:52:16 Europe/Dublin] [CPANELVCFIMPORT: Touch file /home/p601229/.cpanel/vcards/.cpanel_vcf_import_johnpaulchirwa@promanaged-it.com exists for johnpaulchirwa@promanaged-it.com and cpanel_run_once is true, exiting]
